------------------------------------------------------------
Timing Analyzer Summary
------------------------------------------------------------

Type  : Slow 1100mV 85C Model Setup 'reset_debouncer'
Slack : -7.987
TNS   : -169.787

Type  : Slow 1100mV 85C Model Setup 'clock'
Slack : -7.806
TNS   : -162.078

Type  : Slow 1100mV 85C Model Setup 'pin_clock'
Slack : -3.493
TNS   : -53.579

Type  : Slow 1100mV 85C Model Hold 'pin_clock'
Slack : 0.429
TNS   : 0.000

Type  : Slow 1100mV 85C Model Hold 'clock'
Slack : 0.650
TNS   : 0.000

Type  : Slow 1100mV 85C Model Hold 'reset_debouncer'
Slack : 0.726
TNS   : 0.000

Type  : Slow 1100mV 85C Model Recovery 'reset_debouncer'
Slack : -7.297
TNS   : -80.896

Type  : Slow 1100mV 85C Model Recovery 'clock'
Slack : -7.116
TNS   : -78.000

Type  : Slow 1100mV 85C Model Recovery 'pin_clock'
Slack : -2.782
TNS   : -49.894

Type  : Slow 1100mV 85C Model Removal 'clock'
Slack : 1.206
TNS   : 0.000

Type  : Slow 1100mV 85C Model Removal 'pin_clock'
Slack : 1.241
TNS   : 0.000

Type  : Slow 1100mV 85C Model Removal 'reset_debouncer'
Slack : 1.282
TNS   : 0.000

Type  : Slow 1100mV 85C Model Minimum Pulse Width 'reset_debouncer'
Slack : -2.636
TNS   : -54.849

Type  : Slow 1100mV 85C Model Minimum Pulse Width 'clock'
Slack : -2.636
TNS   : -52.115

Type  : Slow 1100mV 85C Model Minimum Pulse Width 'pin_clock'
Slack : -0.538
TNS   : -14.068

Type  : Slow 1100mV 0C Model Setup 'reset_debouncer'
Slack : -8.124
TNS   : -171.826

Type  : Slow 1100mV 0C Model Setup 'clock'
Slack : -7.919
TNS   : -163.609

Type  : Slow 1100mV 0C Model Setup 'pin_clock'
Slack : -3.302
TNS   : -50.621

Type  : Slow 1100mV 0C Model Hold 'pin_clock'
Slack : 0.371
TNS   : 0.000

Type  : Slow 1100mV 0C Model Hold 'clock'
Slack : 0.777
TNS   : 0.000

Type  : Slow 1100mV 0C Model Hold 'reset_debouncer'
Slack : 0.867
TNS   : 0.000

Type  : Slow 1100mV 0C Model Recovery 'reset_debouncer'
Slack : -7.383
TNS   : -81.143

Type  : Slow 1100mV 0C Model Recovery 'clock'
Slack : -7.178
TNS   : -77.863

Type  : Slow 1100mV 0C Model Recovery 'pin_clock'
Slack : -2.514
TNS   : -45.058

Type  : Slow 1100mV 0C Model Removal 'pin_clock'
Slack : 0.968
TNS   : 0.000

Type  : Slow 1100mV 0C Model Removal 'clock'
Slack : 1.240
TNS   : 0.000

Type  : Slow 1100mV 0C Model Removal 'reset_debouncer'
Slack : 1.330
TNS   : 0.000

Type  : Slow 1100mV 0C Model Minimum Pulse Width 'reset_debouncer'
Slack : -2.636
TNS   : -55.437

Type  : Slow 1100mV 0C Model Minimum Pulse Width 'clock'
Slack : -2.636
TNS   : -52.267

Type  : Slow 1100mV 0C Model Minimum Pulse Width 'pin_clock'
Slack : -0.538
TNS   : -14.105

Type  : Fast 1100mV 85C Model Setup 'clock'
Slack : -3.652
TNS   : -76.643

Type  : Fast 1100mV 85C Model Setup 'reset_debouncer'
Slack : -3.648
TNS   : -78.708

Type  : Fast 1100mV 85C Model Setup 'pin_clock'
Slack : -2.096
TNS   : -28.098

Type  : Fast 1100mV 85C Model Hold 'pin_clock'
Slack : 0.048
TNS   : 0.000

Type  : Fast 1100mV 85C Model Hold 'reset_debouncer'
Slack : 0.058
TNS   : 0.000

Type  : Fast 1100mV 85C Model Hold 'clock'
Slack : 0.104
TNS   : 0.000

Type  : Fast 1100mV 85C Model Recovery 'clock'
Slack : -3.184
TNS   : -31.076

Type  : Fast 1100mV 85C Model Recovery 'reset_debouncer'
Slack : -3.180
TNS   : -31.012

Type  : Fast 1100mV 85C Model Recovery 'pin_clock'
Slack : -1.669
TNS   : -29.605

Type  : Fast 1100mV 85C Model Removal 'reset_debouncer'
Slack : 0.306
TNS   : 0.000

Type  : Fast 1100mV 85C Model Removal 'clock'
Slack : 0.352
TNS   : 0.000

Type  : Fast 1100mV 85C Model Removal 'pin_clock'
Slack : 0.427
TNS   : 0.000

Type  : Fast 1100mV 85C Model Minimum Pulse Width 'reset_debouncer'
Slack : -2.174
TNS   : -41.726

Type  : Fast 1100mV 85C Model Minimum Pulse Width 'clock'
Slack : -2.174
TNS   : -40.193

Type  : Fast 1100mV 85C Model Minimum Pulse Width 'pin_clock'
Slack : -0.095
TNS   : -1.708

Type  : Fast 1100mV 0C Model Setup 'clock'
Slack : -3.363
TNS   : -70.474

Type  : Fast 1100mV 0C Model Setup 'reset_debouncer'
Slack : -3.357
TNS   : -72.257

Type  : Fast 1100mV 0C Model Setup 'pin_clock'
Slack : -1.844
TNS   : -24.929

Type  : Fast 1100mV 0C Model Hold 'pin_clock'
Slack : -0.038
TNS   : -0.038

Type  : Fast 1100mV 0C Model Hold 'reset_debouncer'
Slack : 0.105
TNS   : 0.000

Type  : Fast 1100mV 0C Model Hold 'clock'
Slack : 0.151
TNS   : 0.000

Type  : Fast 1100mV 0C Model Recovery 'clock'
Slack : -2.948
TNS   : -29.042

Type  : Fast 1100mV 0C Model Recovery 'reset_debouncer'
Slack : -2.942
TNS   : -28.946

Type  : Fast 1100mV 0C Model Recovery 'pin_clock'
Slack : -1.426
TNS   : -25.285

Type  : Fast 1100mV 0C Model Removal 'pin_clock'
Slack : 0.267
TNS   : 0.000

Type  : Fast 1100mV 0C Model Removal 'reset_debouncer'
Slack : 0.317
TNS   : 0.000

Type  : Fast 1100mV 0C Model Removal 'clock'
Slack : 0.363
TNS   : 0.000

Type  : Fast 1100mV 0C Model Minimum Pulse Width 'reset_debouncer'
Slack : -2.174
TNS   : -40.825

Type  : Fast 1100mV 0C Model Minimum Pulse Width 'clock'
Slack : -2.174
TNS   : -39.425

Type  : Fast 1100mV 0C Model Minimum Pulse Width 'pin_clock'
Slack : -0.098
TNS   : -1.744

------------------------------------------------------------
